Archive member included because of file (symbol)

c:/winavr-20080411/bin/../lib/gcc/avr/4.3.0/avr4\libgcc.a(_exit.o)
                              c:/winavr-20080411/bin/../lib/gcc/avr/4.3.0/../../../../avr/lib/avr4/crtm8.o (exit)
c:/winavr-20080411/bin/../lib/gcc/avr/4.3.0/avr4\libgcc.a(_copy_data.o)
                              main.o (__do_copy_data)
c:/winavr-20080411/bin/../lib/gcc/avr/4.3.0/avr4\libgcc.a(_clear_bss.o)
                              main.o (__do_clear_bss)
c:/winavr-20080411/bin/../lib/gcc/avr/4.3.0/../../../../avr/lib/avr4\libc.a(tolower.o)
                              main.o (tolower)
c:/winavr-20080411/bin/../lib/gcc/avr/4.3.0/../../../../avr/lib/avr4\libc.a(fgets.o)
                              main.o (fgets)
c:/winavr-20080411/bin/../lib/gcc/avr/4.3.0/../../../../avr/lib/avr4\libc.a(fputs.o)
                              main.o (fputs)
c:/winavr-20080411/bin/../lib/gcc/avr/4.3.0/../../../../avr/lib/avr4\libc.a(iob.o)
                              main.o (__iob)
c:/winavr-20080411/bin/../lib/gcc/avr/4.3.0/../../../../avr/lib/avr4\libc.a(printf.o)
                              main.o (printf)
c:/winavr-20080411/bin/../lib/gcc/avr/4.3.0/../../../../avr/lib/avr4\libc.a(puts.o)
                              main.o (puts)
c:/winavr-20080411/bin/../lib/gcc/avr/4.3.0/../../../../avr/lib/avr4\libc.a(sscanf.o)
                              main.o (sscanf)
c:/winavr-20080411/bin/../lib/gcc/avr/4.3.0/../../../../avr/lib/avr4\libc.a(vfprintf_std.o)
                              c:/winavr-20080411/bin/../lib/gcc/avr/4.3.0/../../../../avr/lib/avr4\libc.a(printf.o) (vfprintf)
c:/winavr-20080411/bin/../lib/gcc/avr/4.3.0/../../../../avr/lib/avr4\libc.a(vfscanf_std.o)
                              c:/winavr-20080411/bin/../lib/gcc/avr/4.3.0/../../../../avr/lib/avr4\libc.a(sscanf.o) (vfscanf)
c:/winavr-20080411/bin/../lib/gcc/avr/4.3.0/../../../../avr/lib/avr4\libc.a(isspace.o)
                              c:/winavr-20080411/bin/../lib/gcc/avr/4.3.0/../../../../avr/lib/avr4\libc.a(vfscanf_std.o) (isspace)
c:/winavr-20080411/bin/../lib/gcc/avr/4.3.0/../../../../avr/lib/avr4\libc.a(strchr_P.o)
                              c:/winavr-20080411/bin/../lib/gcc/avr/4.3.0/../../../../avr/lib/avr4\libc.a(vfscanf_std.o) (strchr_P)
c:/winavr-20080411/bin/../lib/gcc/avr/4.3.0/../../../../avr/lib/avr4\libc.a(strnlen_P.o)
                              c:/winavr-20080411/bin/../lib/gcc/avr/4.3.0/../../../../avr/lib/avr4\libc.a(vfprintf_std.o) (strnlen_P)
c:/winavr-20080411/bin/../lib/gcc/avr/4.3.0/../../../../avr/lib/avr4\libc.a(strnlen.o)
                              c:/winavr-20080411/bin/../lib/gcc/avr/4.3.0/../../../../avr/lib/avr4\libc.a(vfprintf_std.o) (strnlen)
c:/winavr-20080411/bin/../lib/gcc/avr/4.3.0/../../../../avr/lib/avr4\libc.a(fgetc.o)
                              c:/winavr-20080411/bin/../lib/gcc/avr/4.3.0/../../../../avr/lib/avr4\libc.a(fgets.o) (fgetc)
c:/winavr-20080411/bin/../lib/gcc/avr/4.3.0/../../../../avr/lib/avr4\libc.a(fputc.o)
                              c:/winavr-20080411/bin/../lib/gcc/avr/4.3.0/../../../../avr/lib/avr4\libc.a(vfprintf_std.o) (fputc)
c:/winavr-20080411/bin/../lib/gcc/avr/4.3.0/../../../../avr/lib/avr4\libc.a(ungetc.o)
                              c:/winavr-20080411/bin/../lib/gcc/avr/4.3.0/../../../../avr/lib/avr4\libc.a(vfscanf_std.o) (ungetc)
c:/winavr-20080411/bin/../lib/gcc/avr/4.3.0/../../../../avr/lib/avr4\libc.a(ultoa_invert.o)
                              c:/winavr-20080411/bin/../lib/gcc/avr/4.3.0/../../../../avr/lib/avr4\libc.a(vfprintf_std.o) (__ultoa_invert)
c:/winavr-20080411/bin/../lib/gcc/avr/4.3.0/../../../../avr/lib/avr4\libc.a(cty_isfalse.o)
                              c:/winavr-20080411/bin/../lib/gcc/avr/4.3.0/../../../../avr/lib/avr4\libc.a(isspace.o) (__ctype_isfalse)
c:/winavr-20080411/bin/../lib/gcc/avr/4.3.0/avr4\libgcc.a(_prologue.o)
                              c:/winavr-20080411/bin/../lib/gcc/avr/4.3.0/../../../../avr/lib/avr4\libc.a(fgets.o) (__prologue_saves__)
c:/winavr-20080411/bin/../lib/gcc/avr/4.3.0/avr4\libgcc.a(_epilogue.o)
                              c:/winavr-20080411/bin/../lib/gcc/avr/4.3.0/../../../../avr/lib/avr4\libc.a(fgets.o) (__epilogue_restores__)

Allocating common symbols
Common symbol       size              file

__iob               0x6               c:/winavr-20080411/bin/../lib/gcc/avr/4.3.0/../../../../avr/lib/avr4\libc.a(iob.o)

Memory Configuration

Name             Origin             Length             Attributes
text             0x00000000         0x00002000         xr
data             0x00800060         0x0000ffa0         rw !x
eeprom           0x00810000         0x00010000         rw !x
fuse             0x00820000         0x00000400         rw !x
lock             0x00830000         0x00000400         rw !x
signature        0x00840000         0x00000400         rw !x
*default*        0x00000000         0xffffffff

Linker script and memory map

LOAD c:/winavr-20080411/bin/../lib/gcc/avr/4.3.0/../../../../avr/lib/avr4/crtm8.o
LOAD main.o
LOAD uart.o
LOAD c:/winavr-20080411/bin/../lib/gcc/avr/4.3.0/avr4\libgcc.a
LOAD c:/winavr-20080411/bin/../lib/gcc/avr/4.3.0/../../../../avr/lib/avr4\libc.a
LOAD c:/winavr-20080411/bin/../lib/gcc/avr/4.3.0/avr4\libgcc.a

.hash
 *(.hash)

.dynsym
 *(.dynsym)

.dynstr
 *(.dynstr)

.gnu.version
 *(.gnu.version)

.gnu.version_d
 *(.gnu.version_d)

.gnu.version_r
 *(.gnu.version_r)

.rel.init
 *(.rel.init)

.rela.init
 *(.rela.init)

.rel.text
 *(.rel.text)
 *(.rel.text.*)
 *(.rel.gnu.linkonce.t*)

.rela.text
 *(.rela.text)
 *(.rela.text.*)
 *(.rela.gnu.linkonce.t*)

.rel.fini
 *(.rel.fini)

.rela.fini
 *(.rela.fini)

.rel.rodata
 *(.rel.rodata)
 *(.rel.rodata.*)
 *(.rel.gnu.linkonce.r*)

.rela.rodata
 *(.rela.rodata)
 *(.rela.rodata.*)
 *(.rela.gnu.linkonce.r*)

.rel.data
 *(.rel.data)
 *(.rel.data.*)
 *(.rel.gnu.linkonce.d*)

.rela.data
 *(.rela.data)
 *(.rela.data.*)
 *(.rela.gnu.linkonce.d*)

.rel.ctors
 *(.rel.ctors)

.rela.ctors
 *(.rela.ctors)

.rel.dtors
 *(.rel.dtors)

.rela.dtors
 *(.rela.dtors)

.rel.got
 *(.rel.got)

.rela.got
 *(.rela.got)

.rel.bss
 *(.rel.bss)

.rela.bss
 *(.rela.bss)

.rel.plt
 *(.rel.plt)

.rela.plt
 *(.rela.plt)

.text           0x00000000      0xff4
 *(.vectors)
 .vectors       0x00000000       0x26 c:/winavr-20080411/bin/../lib/gcc/avr/4.3.0/../../../../avr/lib/avr4/crtm8.o
                0x00000000                __vectors
                0x00000000                __vector_default
 *(.vectors)
 *(.progmem.gcc*)
 *(.progmem*)
 .progmem.data  0x00000026        0xc c:/winavr-20080411/bin/../lib/gcc/avr/4.3.0/../../../../avr/lib/avr4\libc.a(vfscanf_std.o)
                0x00000032                . = ALIGN (0x2)
                0x00000032                __trampolines_start = .
 *(.trampolines)
 .trampolines   0x00000032        0x0 linker stubs
 *(.trampolines*)
                0x00000032                __trampolines_end = .
 *(.jumptables)
 *(.jumptables*)
 *(.lowtext)
 *(.lowtext*)
                0x00000032                __ctors_start = .
 *(.ctors)
                0x00000032                __ctors_end = .
                0x00000032                __dtors_start = .
 *(.dtors)
                0x00000032                __dtors_end = .
 SORT(*)(.ctors)
 SORT(*)(.dtors)
 *(.init0)
 .init0         0x00000032        0x0 c:/winavr-20080411/bin/../lib/gcc/avr/4.3.0/../../../../avr/lib/avr4/crtm8.o
                0x00000032                __init
 *(.init0)
 *(.init1)
 *(.init1)
 *(.init2)
 .init2         0x00000032        0xc c:/winavr-20080411/bin/../lib/gcc/avr/4.3.0/../../../../avr/lib/avr4/crtm8.o
 *(.init2)
 *(.init3)
 *(.init3)
 *(.init4)
 .init4         0x0000003e       0x16 c:/winavr-20080411/bin/../lib/gcc/avr/4.3.0/avr4\libgcc.a(_copy_data.o)
                0x0000003e                __do_copy_data
 .init4         0x00000054       0x10 c:/winavr-20080411/bin/../lib/gcc/avr/4.3.0/avr4\libgcc.a(_clear_bss.o)
                0x00000054                __do_clear_bss
 *(.init4)
 *(.init5)
 *(.init5)
 *(.init6)
 *(.init6)
 *(.init7)
 *(.init7)
 *(.init8)
 *(.init8)
 *(.init9)
 .init9         0x00000064        0x4 c:/winavr-20080411/bin/../lib/gcc/avr/4.3.0/../../../../avr/lib/avr4/crtm8.o
 *(.init9)
 *(.text)
 .text          0x00000068        0x2 c:/winavr-20080411/bin/../lib/gcc/avr/4.3.0/../../../../avr/lib/avr4/crtm8.o
                0x00000068                __vector_1
                0x00000068                __vector_12
                0x00000068                __bad_interrupt
                0x00000068                __vector_6
                0x00000068                __vector_3
                0x00000068                __vector_11
                0x00000068                __vector_13
                0x00000068                __vector_17
                0x00000068                __vector_7
                0x00000068                __vector_5
                0x00000068                __vector_4
                0x00000068                __vector_9
                0x00000068                __vector_2
                0x00000068                __vector_15
                0x00000068                __vector_8
                0x00000068                __vector_14
                0x00000068                __vector_10
                0x00000068                __vector_16
                0x00000068                __vector_18
 .text          0x0000006a      0x15c main.o
                0x0000006a                main
 .text          0x000001c6      0x1a2 uart.o
                0x000001fe                uart_getchar
                0x000001c6                uart_init
                0x000001d0                uart_putchar
 .text          0x00000368        0x0 c:/winavr-20080411/bin/../lib/gcc/avr/4.3.0/avr4\libgcc.a(_exit.o)
 .text          0x00000368        0x0 c:/winavr-20080411/bin/../lib/gcc/avr/4.3.0/avr4\libgcc.a(_copy_data.o)
 .text          0x00000368        0x0 c:/winavr-20080411/bin/../lib/gcc/avr/4.3.0/avr4\libgcc.a(_clear_bss.o)
 .text          0x00000368        0x0 c:/winavr-20080411/bin/../lib/gcc/avr/4.3.0/../../../../avr/lib/avr4\libc.a(tolower.o)
 .text          0x00000368       0x54 c:/winavr-20080411/bin/../lib/gcc/avr/4.3.0/../../../../avr/lib/avr4\libc.a(fgets.o)
                0x00000368                fgets
 .text          0x000003bc       0x50 c:/winavr-20080411/bin/../lib/gcc/avr/4.3.0/../../../../avr/lib/avr4\libc.a(fputs.o)
                0x000003bc                fputs
 .text          0x0000040c        0x0 c:/winavr-20080411/bin/../lib/gcc/avr/4.3.0/../../../../avr/lib/avr4\libc.a(iob.o)
 .text          0x0000040c       0x24 c:/winavr-20080411/bin/../lib/gcc/avr/4.3.0/../../../../avr/lib/avr4\libc.a(printf.o)
                0x0000040c                printf
 .text          0x00000430       0x6a c:/winavr-20080411/bin/../lib/gcc/avr/4.3.0/../../../../avr/lib/avr4\libc.a(puts.o)
                0x00000430                puts
 .text          0x0000049a       0x2c c:/winavr-20080411/bin/../lib/gcc/avr/4.3.0/../../../../avr/lib/avr4\libc.a(sscanf.o)
                0x0000049a                sscanf
 .text          0x000004c6      0x3a0 c:/winavr-20080411/bin/../lib/gcc/avr/4.3.0/../../../../avr/lib/avr4\libc.a(vfprintf_std.o)
                0x000004c6                vfprintf
 .text          0x00000866      0x4e8 c:/winavr-20080411/bin/../lib/gcc/avr/4.3.0/../../../../avr/lib/avr4\libc.a(vfscanf_std.o)
                0x00000b4c                vfscanf
 .text          0x00000d4e        0x0 c:/winavr-20080411/bin/../lib/gcc/avr/4.3.0/../../../../avr/lib/avr4\libc.a(isspace.o)
 .text          0x00000d4e       0x16 c:/winavr-20080411/bin/../lib/gcc/avr/4.3.0/../../../../avr/lib/avr4\libc.a(strchr_P.o)
                0x00000d4e                strchr_P
 .text          0x00000d64       0x16 c:/winavr-20080411/bin/../lib/gcc/avr/4.3.0/../../../../avr/lib/avr4\libc.a(strnlen_P.o)
                0x00000d64                strnlen_P
 .text          0x00000d7a       0x16 c:/winavr-20080411/bin/../lib/gcc/avr/4.3.0/../../../../avr/lib/avr4\libc.a(strnlen.o)
                0x00000d7a                strnlen
 .text          0x00000d90       0x84 c:/winavr-20080411/bin/../lib/gcc/avr/4.3.0/../../../../avr/lib/avr4\libc.a(fgetc.o)
                0x00000d90                fgetc
 .text          0x00000e14       0x58 c:/winavr-20080411/bin/../lib/gcc/avr/4.3.0/../../../../avr/lib/avr4\libc.a(fputc.o)
                0x00000e14                fputc
 .text          0x00000e6c       0x34 c:/winavr-20080411/bin/../lib/gcc/avr/4.3.0/../../../../avr/lib/avr4\libc.a(ungetc.o)
                0x00000e6c                ungetc
 .text          0x00000ea0       0xbc c:/winavr-20080411/bin/../lib/gcc/avr/4.3.0/../../../../avr/lib/avr4\libc.a(ultoa_invert.o)
                0x00000ea0                __ultoa_invert
 .text          0x00000f5c        0x0 c:/winavr-20080411/bin/../lib/gcc/avr/4.3.0/../../../../avr/lib/avr4\libc.a(cty_isfalse.o)
 .text          0x00000f5c        0x0 c:/winavr-20080411/bin/../lib/gcc/avr/4.3.0/avr4\libgcc.a(_prologue.o)
 .text          0x00000f5c        0x0 c:/winavr-20080411/bin/../lib/gcc/avr/4.3.0/avr4\libgcc.a(_epilogue.o)
                0x00000f5c                . = ALIGN (0x2)
 *(.text.*)
 .text.libgcc   0x00000f5c        0x0 c:/winavr-20080411/bin/../lib/gcc/avr/4.3.0/avr4\libgcc.a(_exit.o)
 .text.libgcc   0x00000f5c        0x0 c:/winavr-20080411/bin/../lib/gcc/avr/4.3.0/avr4\libgcc.a(_copy_data.o)
 .text.libgcc   0x00000f5c        0x0 c:/winavr-20080411/bin/../lib/gcc/avr/4.3.0/avr4\libgcc.a(_clear_bss.o)
 .text.ctype    0x00000f5c       0x10 c:/winavr-20080411/bin/../lib/gcc/avr/4.3.0/../../../../avr/lib/avr4\libc.a(tolower.o)
                0x00000f5c                tolower
 .text.ctype    0x00000f6c       0x10 c:/winavr-20080411/bin/../lib/gcc/avr/4.3.0/../../../../avr/lib/avr4\libc.a(isspace.o)
                0x00000f6c                isspace
 .text.ctype    0x00000f7c        0x6 c:/winavr-20080411/bin/../lib/gcc/avr/4.3.0/../../../../avr/lib/avr4\libc.a(cty_isfalse.o)
                0x00000f80                __ctype_istrue
                0x00000f7c                __ctype_isfalse
 .text.libgcc   0x00000f82       0x38 c:/winavr-20080411/bin/../lib/gcc/avr/4.3.0/avr4\libgcc.a(_prologue.o)
                0x00000f82                __prologue_saves__
 .text.libgcc   0x00000fba       0x36 c:/winavr-20080411/bin/../lib/gcc/avr/4.3.0/avr4\libgcc.a(_epilogue.o)
                0x00000fba                __epilogue_restores__
                0x00000ff0                . = ALIGN (0x2)
 *(.fini9)
 .fini9         0x00000ff0        0x0 c:/winavr-20080411/bin/../lib/gcc/avr/4.3.0/avr4\libgcc.a(_exit.o)
                0x00000ff0                exit
                0x00000ff0                _exit
 *(.fini9)
 *(.fini8)
 *(.fini8)
 *(.fini7)
 *(.fini7)
 *(.fini6)
 *(.fini6)
 *(.fini5)
 *(.fini5)
 *(.fini4)
 *(.fini4)
 *(.fini3)
 *(.fini3)
 *(.fini2)
 *(.fini2)
 *(.fini1)
 *(.fini1)
 *(.fini0)
 .fini0         0x00000ff0        0x4 c:/winavr-20080411/bin/../lib/gcc/avr/4.3.0/avr4\libgcc.a(_exit.o)
 *(.fini0)
                0x00000ff4                _etext = .

.data           0x00800060       0x72 load address 0x00000ff4
                0x00800060                PROVIDE (__data_start, .)
 *(.data)
 .data          0x00800060        0x0 c:/winavr-20080411/bin/../lib/gcc/avr/4.3.0/../../../../avr/lib/avr4/crtm8.o
 .data          0x00800060       0x69 main.o
                0x008000bb                uart_str
 .data          0x008000c9        0x8 uart.o
 .data          0x008000d1        0x0 c:/winavr-20080411/bin/../lib/gcc/avr/4.3.0/avr4\libgcc.a(_exit.o)
 .data          0x008000d1        0x0 c:/winavr-20080411/bin/../lib/gcc/avr/4.3.0/avr4\libgcc.a(_copy_data.o)
 .data          0x008000d1        0x0 c:/winavr-20080411/bin/../lib/gcc/avr/4.3.0/avr4\libgcc.a(_clear_bss.o)
 .data          0x008000d1        0x0 c:/winavr-20080411/bin/../lib/gcc/avr/4.3.0/../../../../avr/lib/avr4\libc.a(tolower.o)
 .data          0x008000d1        0x0 c:/winavr-20080411/bin/../lib/gcc/avr/4.3.0/../../../../avr/lib/avr4\libc.a(fgets.o)
 .data          0x008000d1        0x0 c:/winavr-20080411/bin/../lib/gcc/avr/4.3.0/../../../../avr/lib/avr4\libc.a(fputs.o)
 .data          0x008000d1        0x0 c:/winavr-20080411/bin/../lib/gcc/avr/4.3.0/../../../../avr/lib/avr4\libc.a(iob.o)
 .data          0x008000d1        0x0 c:/winavr-20080411/bin/../lib/gcc/avr/4.3.0/../../../../avr/lib/avr4\libc.a(printf.o)
 .data          0x008000d1        0x0 c:/winavr-20080411/bin/../lib/gcc/avr/4.3.0/../../../../avr/lib/avr4\libc.a(puts.o)
 .data          0x008000d1        0x0 c:/winavr-20080411/bin/../lib/gcc/avr/4.3.0/../../../../avr/lib/avr4\libc.a(sscanf.o)
 .data          0x008000d1        0x0 c:/winavr-20080411/bin/../lib/gcc/avr/4.3.0/../../../../avr/lib/avr4\libc.a(vfprintf_std.o)
 .data          0x008000d1        0x0 c:/winavr-20080411/bin/../lib/gcc/avr/4.3.0/../../../../avr/lib/avr4\libc.a(vfscanf_std.o)
 .data          0x008000d1        0x0 c:/winavr-20080411/bin/../lib/gcc/avr/4.3.0/../../../../avr/lib/avr4\libc.a(isspace.o)
 .data          0x008000d1        0x0 c:/winavr-20080411/bin/../lib/gcc/avr/4.3.0/../../../../avr/lib/avr4\libc.a(strchr_P.o)
 .data          0x008000d1        0x0 c:/winavr-20080411/bin/../lib/gcc/avr/4.3.0/../../../../avr/lib/avr4\libc.a(strnlen_P.o)
 .data          0x008000d1        0x0 c:/winavr-20080411/bin/../lib/gcc/avr/4.3.0/../../../../avr/lib/avr4\libc.a(strnlen.o)
 .data          0x008000d1        0x0 c:/winavr-20080411/bin/../lib/gcc/avr/4.3.0/../../../../avr/lib/avr4\libc.a(fgetc.o)
 .data          0x008000d1        0x0 c:/winavr-20080411/bin/../lib/gcc/avr/4.3.0/../../../../avr/lib/avr4\libc.a(fputc.o)
 .data          0x008000d1        0x0 c:/winavr-20080411/bin/../lib/gcc/avr/4.3.0/../../../../avr/lib/avr4\libc.a(ungetc.o)
 .data          0x008000d1        0x0 c:/winavr-20080411/bin/../lib/gcc/avr/4.3.0/../../../../avr/lib/avr4\libc.a(ultoa_invert.o)
 .data          0x008000d1        0x0 c:/winavr-20080411/bin/../lib/gcc/avr/4.3.0/../../../../avr/lib/avr4\libc.a(cty_isfalse.o)
 .data          0x008000d1        0x0 c:/winavr-20080411/bin/../lib/gcc/avr/4.3.0/avr4\libgcc.a(_prologue.o)
 .data          0x008000d1        0x0 c:/winavr-20080411/bin/../lib/gcc/avr/4.3.0/avr4\libgcc.a(_epilogue.o)
 *(.data*)
 *(.rodata)
 *(.rodata*)
 *(.gnu.linkonce.d*)
                0x008000d2                . = ALIGN (0x2)
 *fill*         0x008000d1        0x1 00
                0x008000d2                _edata = .
                0x008000d2                PROVIDE (__data_end, .)

.bss            0x008000d2       0x58 load address 0x00001066
                0x008000d2                PROVIDE (__bss_start, .)
 *(.bss)
 .bss           0x008000d2        0x0 c:/winavr-20080411/bin/../lib/gcc/avr/4.3.0/../../../../avr/lib/avr4/crtm8.o
 .bss           0x008000d2        0x0 main.o
 .bss           0x008000d2       0x52 uart.o
 .bss           0x00800124        0x0 c:/winavr-20080411/bin/../lib/gcc/avr/4.3.0/avr4\libgcc.a(_exit.o)
 .bss           0x00800124        0x0 c:/winavr-20080411/bin/../lib/gcc/avr/4.3.0/avr4\libgcc.a(_copy_data.o)
 .bss           0x00800124        0x0 c:/winavr-20080411/bin/../lib/gcc/avr/4.3.0/avr4\libgcc.a(_clear_bss.o)
 .bss           0x00800124        0x0 c:/winavr-20080411/bin/../lib/gcc/avr/4.3.0/../../../../avr/lib/avr4\libc.a(tolower.o)
 .bss           0x00800124        0x0 c:/winavr-20080411/bin/../lib/gcc/avr/4.3.0/../../../../avr/lib/avr4\libc.a(fgets.o)
 .bss           0x00800124        0x0 c:/winavr-20080411/bin/../lib/gcc/avr/4.3.0/../../../../avr/lib/avr4\libc.a(fputs.o)
 .bss           0x00800124        0x0 c:/winavr-20080411/bin/../lib/gcc/avr/4.3.0/../../../../avr/lib/avr4\libc.a(iob.o)
 .bss           0x00800124        0x0 c:/winavr-20080411/bin/../lib/gcc/avr/4.3.0/../../../../avr/lib/avr4\libc.a(printf.o)
 .bss           0x00800124        0x0 c:/winavr-20080411/bin/../lib/gcc/avr/4.3.0/../../../../avr/lib/avr4\libc.a(puts.o)
 .bss           0x00800124        0x0 c:/winavr-20080411/bin/../lib/gcc/avr/4.3.0/../../../../avr/lib/avr4\libc.a(sscanf.o)
 .bss           0x00800124        0x0 c:/winavr-20080411/bin/../lib/gcc/avr/4.3.0/../../../../avr/lib/avr4\libc.a(vfprintf_std.o)
 .bss           0x00800124        0x0 c:/winavr-20080411/bin/../lib/gcc/avr/4.3.0/../../../../avr/lib/avr4\libc.a(vfscanf_std.o)
 .bss           0x00800124        0x0 c:/winavr-20080411/bin/../lib/gcc/avr/4.3.0/../../../../avr/lib/avr4\libc.a(isspace.o)
 .bss           0x00800124        0x0 c:/winavr-20080411/bin/../lib/gcc/avr/4.3.0/../../../../avr/lib/avr4\libc.a(strchr_P.o)
 .bss           0x00800124        0x0 c:/winavr-20080411/bin/../lib/gcc/avr/4.3.0/../../../../avr/lib/avr4\libc.a(strnlen_P.o)
 .bss           0x00800124        0x0 c:/winavr-20080411/bin/../lib/gcc/avr/4.3.0/../../../../avr/lib/avr4\libc.a(strnlen.o)
 .bss           0x00800124        0x0 c:/winavr-20080411/bin/../lib/gcc/avr/4.3.0/../../../../avr/lib/avr4\libc.a(fgetc.o)
 .bss           0x00800124        0x0 c:/winavr-20080411/bin/../lib/gcc/avr/4.3.0/../../../../avr/lib/avr4\libc.a(fputc.o)
 .bss           0x00800124        0x0 c:/winavr-20080411/bin/../lib/gcc/avr/4.3.0/../../../../avr/lib/avr4\libc.a(ungetc.o)
 .bss           0x00800124        0x0 c:/winavr-20080411/bin/../lib/gcc/avr/4.3.0/../../../../avr/lib/avr4\libc.a(ultoa_invert.o)
 .bss           0x00800124        0x0 c:/winavr-20080411/bin/../lib/gcc/avr/4.3.0/../../../../avr/lib/avr4\libc.a(cty_isfalse.o)
 .bss           0x00800124        0x0 c:/winavr-20080411/bin/../lib/gcc/avr/4.3.0/avr4\libgcc.a(_prologue.o)
 .bss           0x00800124        0x0 c:/winavr-20080411/bin/../lib/gcc/avr/4.3.0/avr4\libgcc.a(_epilogue.o)
 *(.bss*)
 *(COMMON)
 COMMON         0x00800124        0x6 c:/winavr-20080411/bin/../lib/gcc/avr/4.3.0/../../../../avr/lib/avr4\libc.a(iob.o)
                0x00800124                __iob
                0x0080012a                PROVIDE (__bss_end, .)
                0x00000ff4                __data_load_start = LOADADDR (.data)
                0x00001066                __data_load_end = (__data_load_start + SIZEOF (.data))

.noinit         0x0080012a        0x0
                0x0080012a                PROVIDE (__noinit_start, .)
 *(.noinit*)
                0x0080012a                PROVIDE (__noinit_end, .)
                0x0080012a                _end = .
                0x0080012a                PROVIDE (__heap_start, .)

.eeprom         0x00810000        0x0
 *(.eeprom*)
                0x00810000                __eeprom_end = .

.fuse
 *(.fuse)
 *(.lfuse)
 *(.hfuse)
 *(.efuse)

.lock
 *(.lock*)

.signature
 *(.signature*)

.stab
 *(.stab)

.stabstr
 *(.stabstr)

.stab.excl
 *(.stab.excl)

.stab.exclstr
 *(.stab.exclstr)

.stab.index
 *(.stab.index)

.stab.indexstr
 *(.stab.indexstr)

.comment
 *(.comment)

.debug
 *(.debug)

.line
 *(.line)

.debug_srcinfo
 *(.debug_srcinfo)

.debug_sfnames
 *(.debug_sfnames)

.debug_aranges  0x00000000       0x40
 *(.debug_aranges)
 .debug_aranges
                0x00000000       0x20 main.o
 .debug_aranges
                0x00000020       0x20 uart.o

.debug_pubnames
                0x00000000       0x6a
 *(.debug_pubnames)
 .debug_pubnames
                0x00000000       0x28 main.o
 .debug_pubnames
                0x00000028       0x42 uart.o

.debug_info     0x00000000      0x3e2
 *(.debug_info)
 .debug_info    0x00000000      0x1c2 main.o
 .debug_info    0x000001c2      0x220 uart.o
 *(.gnu.linkonce.wi.*)

.debug_abbrev   0x00000000      0x27a
 *(.debug_abbrev)
 .debug_abbrev  0x00000000      0x13b main.o
 .debug_abbrev  0x0000013b      0x13f uart.o

.debug_line     0x00000000      0x37e
 *(.debug_line)
 .debug_line    0x00000000      0x14c main.o
 .debug_line    0x0000014c      0x232 uart.o

.debug_frame    0x00000000       0x60
 *(.debug_frame)
 .debug_frame   0x00000000       0x20 main.o
 .debug_frame   0x00000020       0x40 uart.o

.debug_str      0x00000000       0xf5
 *(.debug_str)
 .debug_str     0x00000000       0xc0 main.o
                                 0xf9 (size before relaxing)
 .debug_str     0x000000c0       0x35 uart.o
                                0x10f (size before relaxing)

.debug_loc      0x00000000      0x1fb
 *(.debug_loc)
 .debug_loc     0x00000000       0x4c main.o
 .debug_loc     0x0000004c      0x1af uart.o

.debug_macinfo
 *(.debug_macinfo)
OUTPUT(smartAlarm.elf elf32-avr)
LOAD linker stubs
